CYCLE,INSTRUCTION,IMMEDIATE
00,00000000010101000010000000100011,00000000000000000000000000000000
01,00000100010101000010001000100011,00000000000000000000000001000100
10,11111110010101000010100000100011,11111111111111111111111111110000
11,11111010010101000010011000100011,11111111111111111111111110101100
