CYCLE,INSTRUCTION,BrUn
00,01010110010101000100000001100011,0
01,01100101011001000101000001100011,0
10,01010110010101000110000001100011,1
11,01010110010101000111000001100011,1
