CYCLE,OUT1,IN1,IN2
0000,00000000,00000011,00000100
0001,00000000,00000010,00000101
0010,00001100,11111100,01110000
0011,00010110,00000001,00001001
0100,01010110,00000010,00001101
0101,01011111,11111011,00001100
0110,01111001,00000001,00000010
0111,00111101,00000000,00000000
1000,00111111,00000000,00000000
1001,00111111,00000000,00000000
1010,00111111,00000000,00000000
