CYCLE	ADD_OUT	REG_OUT
00000000	00000001	00000000
00000001	00000010	00000001
00000010	00000011	00000010
00000011	00000100	00000011
00000100	00000101	00000100
00000101	00000110	00000101
00000110	00000111	00000110
00000111	00001000	00000111
00001000	00001001	00001000
00001001	00001010	00001001
00001010	00001011	00001010
00001011	00001100	00001011
00001100	00001101	00001100
00001101	00001110	00001101
00001110	00001111	00001110
00001111	00010000	00001111
