CYCLE	ROTRIGHT_OUT
0000	1100011000000000
0001	0110001100000000
0010	0011000110000000
0011	0001100011000000
0100	0000110001100000
0101	0000011000110000
0110	0000001100011000
0111	0000000110001100
1000	0000000011000110
1001	0000000001100011
1010	1000000000110001
1011	1100000000011000
1100	0110000000001100
1101	0011000000000110
1110	0001100000000011
1111	1000110000000001
